MSBuild version 17.9.4+90725d08d for .NET
  Determining projects to restore...
  All projects are up-to-date for restore.
  FloodApp -> D:\My_PaidProjects\floodApp\bin\Debug\net8.0\FloodApp.dll

Build succeeded.
    0 Warning(s)
    0 Error(s)

Time Elapsed 00:00:00.87
